{"email":"prachanda123@gmail.com","level":"info","message":"Order created","orderId":"6a547a7ea4b725c74f114bd9","productId":"gid://shopify/Product/8442746437829","timestamp":"2026-07-13T05:41:18.294Z","type":"success"}
{"email":"prachanda123@gmail.com","level":"info","message":"Order created","orderId":"6a547bb2a4b725c74f114bec","productId":"gid://shopify/Product/8660710621356","timestamp":"2026-07-13T05:46:26.754Z","type":"success"}
{"email":"prachandamonthly123@gmail.com","level":"info","message":"Order created","orderId":"6a547c08a4b725c74f114bf2","productId":"gid://shopify/Product/8660710621356","timestamp":"2026-07-13T05:47:52.236Z","type":"success"}
{"email":"anojmonthly123@gmail.com","level":"info","message":"Order created","orderId":"6a547ccfa4b725c74f114c0c","productId":"gid://shopify/Product/8660710621356","timestamp":"2026-07-13T05:51:11.083Z","type":"success"}
{"email":"rohanmonthly123@gmail.com","level":"info","message":"Order created","orderId":"6a547ce9a4b725c74f114c10","productId":"gid://shopify/Product/8660710621356","timestamp":"2026-07-13T05:51:37.672Z","type":"success"}
{"email":"bishowmonthly123@gmail.com","level":"info","message":"Order created","orderId":"6a547d0aa4b725c74f114c19","productId":"gid://shopify/Product/8660710621356","timestamp":"2026-07-13T05:52:10.395Z","type":"success"}
{"email":"bipulmonthly123@gmail.com","level":"info","message":"Order created","orderId":"6a547d22a4b725c74f114c1d","productId":"gid://shopify/Product/8660710621356","timestamp":"2026-07-13T05:52:34.989Z","type":"success"}
{"email":"rohitmonthly123@gmail.com","level":"info","message":"Order created","orderId":"6a547d39a4b725c74f114c21","productId":"gid://shopify/Product/8660710621356","timestamp":"2026-07-13T05:52:57.920Z","type":"success"}
{"email":"bhuwanmonthly123@gmail.com","level":"info","message":"Order created","orderId":"6a547d66a4b725c74f114c25","productId":"gid://shopify/Product/8660710621356","timestamp":"2026-07-13T05:53:42.207Z","type":"success"}
{"email":"kailashmonthly123@gmail.com","level":"info","message":"Order created","orderId":"6a547d89a4b725c74f114c29","productId":"gid://shopify/Product/8660710621356","timestamp":"2026-07-13T05:54:17.992Z","type":"success"}
{"email":"rajanmonthly123@gmail.com","level":"info","message":"Order created","orderId":"6a547db7a4b725c74f114c2d","productId":"gid://shopify/Product/8660710621356","timestamp":"2026-07-13T05:55:03.957Z","type":"success"}
{"email":"bibekmonthly123@gmail.com","level":"info","message":"Order created","orderId":"6a547dd1a4b725c74f114c31","productId":"gid://shopify/Product/8660710621356","timestamp":"2026-07-13T05:55:29.697Z","type":"success"}
{"email":"preetimonthly123@gmail.com","level":"info","message":"Order created","orderId":"6a547e3aa4b725c74f114c37","productId":"gid://shopify/Product/8660710621356","timestamp":"2026-07-13T05:57:14.391Z","type":"success"}
{"email":"nabinmonthly123@gmail.com","level":"info","message":"Order created","orderId":"6a54843ba4b725c74f114c3b","productId":"gid://shopify/Product/8660710621356","timestamp":"2026-07-13T06:22:51.894Z","type":"success"}
{"email":"pralhadrana123@gmail.com","level":"info","message":"Order created","orderId":"6a54860ca4b725c74f114c42","productId":"gid://shopify/Product/8660710621356","timestamp":"2026-07-13T06:30:36.216Z","type":"success"}
{"email":"ramesh123@gmail.com","level":"info","message":"Order created","orderId":"6a5495e2cec3719d03ac7227","productId":"gid://shopify/Product/8660710621356","timestamp":"2026-07-13T07:38:14.029Z","type":"success"}
{"level":"info","message":"Renewal confirmed","orderId":"6a5495e2cec3719d03ac7227","timestamp":"2026-07-13T08:34:03.308Z","type":"success"}
{"level":"info","message":"Renewal confirmed","orderId":"6a54843ba4b725c74f114c3b","timestamp":"2026-07-13T08:34:06.413Z","type":"success"}
{"level":"info","message":"Renewal confirmed","orderId":"6a547e3aa4b725c74f114c37","timestamp":"2026-07-13T08:34:09.577Z","type":"success"}
{"level":"info","message":"Renewal confirmed","orderId":"6a547dd1a4b725c74f114c31","timestamp":"2026-07-13T08:34:13.183Z","type":"success"}
{"level":"info","message":"Renewal confirmed","orderId":"6a547d66a4b725c74f114c25","timestamp":"2026-07-13T08:35:04.771Z","type":"success"}
{"level":"info","message":"Renewal confirmed","orderId":"6a547d39a4b725c74f114c21","timestamp":"2026-07-13T08:35:07.973Z","type":"success"}
{"level":"info","message":"Renewal confirmed","orderId":"6a547d22a4b725c74f114c1d","timestamp":"2026-07-13T08:35:11.158Z","type":"success"}
{"level":"info","message":"Renewal confirmed","orderId":"6a547d0aa4b725c74f114c19","timestamp":"2026-07-13T08:35:14.952Z","type":"success"}
{"level":"info","message":"Renewal confirmed","orderId":"6a547c08a4b725c74f114bf2","timestamp":"2026-07-13T08:36:05.850Z","type":"success"}
{"level":"info","message":"Renewal confirmed","orderId":"6a547db7a4b725c74f114c2d","timestamp":"2026-07-13T09:46:33.273Z","type":"success"}
{"level":"info","message":"Renewal confirmed","orderId":"6a547d89a4b725c74f114c29","timestamp":"2026-07-13T09:47:47.753Z","type":"success"}
{"level":"info","message":"Renewal confirmed","orderId":"6a547ce9a4b725c74f114c10","timestamp":"2026-07-13T09:49:17.387Z","type":"success"}
{"level":"info","message":"Renewal confirmed","orderId":"6a547ccfa4b725c74f114c0c","timestamp":"2026-07-13T09:49:32.609Z","type":"success"}
{"level":"info","message":"Renewal confirmed","orderId":"6a547ce9a4b725c74f114c10","timestamp":"2026-07-13T11:24:34.798Z","type":"success"}
{"level":"info","message":"Renewal confirmed","orderId":"6a547ccfa4b725c74f114c0c","timestamp":"2026-07-13T11:24:36.059Z","type":"success"}
{"level":"info","message":"Renewal confirmed","orderId":"6a547c08a4b725c74f114bf2","timestamp":"2026-07-13T11:24:37.313Z","type":"success"}
{"level":"info","message":"Renewal confirmed","orderId":"6a5495e2cec3719d03ac7227","timestamp":"2026-07-13T11:28:31.128Z","type":"success"}
{"level":"info","message":"Renewal confirmed","orderId":"6a54843ba4b725c74f114c3b","timestamp":"2026-07-13T11:28:32.403Z","type":"success"}
{"level":"info","message":"Renewal confirmed","orderId":"6a547e3aa4b725c74f114c37","timestamp":"2026-07-13T11:28:33.674Z","type":"success"}
{"level":"info","message":"Renewal confirmed","orderId":"6a547dd1a4b725c74f114c31","timestamp":"2026-07-13T11:28:34.912Z","type":"success"}
{"level":"info","message":"Renewal confirmed","orderId":"6a547db7a4b725c74f114c2d","timestamp":"2026-07-13T11:28:36.180Z","type":"success"}
{"level":"info","message":"Renewal confirmed","orderId":"6a547d89a4b725c74f114c29","timestamp":"2026-07-13T11:28:37.453Z","type":"success"}
{"level":"info","message":"Renewal confirmed","orderId":"6a547d66a4b725c74f114c25","timestamp":"2026-07-13T11:28:38.795Z","type":"success"}
{"level":"info","message":"Renewal confirmed","orderId":"6a547d39a4b725c74f114c21","timestamp":"2026-07-13T11:28:40.179Z","type":"success"}
{"level":"info","message":"Renewal confirmed","orderId":"6a547d22a4b725c74f114c1d","timestamp":"2026-07-13T11:28:41.531Z","type":"success"}
{"level":"info","message":"Renewal confirmed","orderId":"6a547d0aa4b725c74f114c19","timestamp":"2026-07-13T11:28:42.870Z","type":"success"}
{"level":"info","message":"Renewal confirmed","orderId":"6a54843ba4b725c74f114c3b","timestamp":"2026-07-13T11:49:01.157Z","type":"success"}
{"level":"info","message":"Renewal confirmed","orderId":"6a547e3aa4b725c74f114c37","timestamp":"2026-07-13T11:49:02.404Z","type":"success"}
{"level":"info","message":"Renewal confirmed","orderId":"6a547dd1a4b725c74f114c31","timestamp":"2026-07-13T11:49:03.649Z","type":"success"}
{"level":"info","message":"Renewal confirmed","orderId":"6a547db7a4b725c74f114c2d","timestamp":"2026-07-13T11:49:04.866Z","type":"success"}
{"level":"info","message":"Renewal confirmed","orderId":"6a547d89a4b725c74f114c29","timestamp":"2026-07-13T11:49:06.160Z","type":"success"}
{"level":"info","message":"Renewal confirmed","orderId":"6a547d66a4b725c74f114c25","timestamp":"2026-07-13T11:49:07.544Z","type":"success"}
{"level":"info","message":"Renewal confirmed","orderId":"6a547d39a4b725c74f114c21","timestamp":"2026-07-13T11:49:08.786Z","type":"success"}
{"level":"info","message":"Renewal confirmed","orderId":"6a547d22a4b725c74f114c1d","timestamp":"2026-07-13T11:49:10.045Z","type":"success"}
{"level":"info","message":"Renewal confirmed","orderId":"6a547d0aa4b725c74f114c19","timestamp":"2026-07-13T11:49:11.279Z","type":"success"}
{"level":"info","message":"Renewal confirmed","orderId":"6a547ce9a4b725c74f114c10","timestamp":"2026-07-13T11:49:12.521Z","type":"success"}
{"level":"info","message":"Renewal confirmed","orderId":"6a547ccfa4b725c74f114c0c","timestamp":"2026-07-13T11:49:13.777Z","type":"success"}
{"level":"info","message":"Renewal confirmed","orderId":"6a547c08a4b725c74f114bf2","timestamp":"2026-07-13T11:49:15.005Z","type":"success"}
