{"email":"t29064429@gmail.com","level":"info","message":"Order created","orderId":"6a570daaedd8574953130757","productId":"gid://shopify/Product/8660710621356","timestamp":"2026-07-15T04:33:47.342Z","type":"success"}
{"email":"t29064429@gmail.com","level":"info","message":"Order created","orderId":"6a570dceedd8574953130775","productId":"gid://shopify/Product/8660710621356","timestamp":"2026-07-15T04:34:23.636Z","type":"success"}
{"email":"testnasla7@gmail.com","level":"info","message":"Order created","orderId":"6a570ec6edd8574953130823","productId":"gid://shopify/Product/8660710621356","timestamp":"2026-07-15T04:38:31.052Z","type":"success"}
{"email":"testnasla@gmail.com","level":"info","message":"Order created","orderId":"6a5714e4edd8574953130c4f","productId":"gid://shopify/Product/8660710621356","timestamp":"2026-07-15T05:04:37.785Z","type":"success"}
{"email":"testn@gmail.com","level":"info","message":"Order created","orderId":"6a57159aedd8574953130cd0","productId":"gid://shopify/Product/8660710621356","timestamp":"2026-07-15T05:07:39.243Z","type":"success"}
{"email":"testn123@gmail.com","level":"info","message":"Order created","orderId":"6a571bf5ac09ef3847678542","productId":"gid://shopify/Product/8660710621356","timestamp":"2026-07-15T05:34:47.629Z","type":"success"}
{"level":"info","message":"Renewal confirmed","orderId":"6a571bf5ac09ef3847678542","timestamp":"2026-07-15T08:00:33.513Z","type":"success"}
{"level":"info","message":"Renewal confirmed","orderId":"6a570ec6edd8574953130823","timestamp":"2026-07-15T08:00:48.396Z","type":"success"}
{"email":"anojtest1@gmail.com","level":"info","message":"Order created","orderId":"6a5743feca251a6be43b2608","productId":"gid://shopify/Product/8660710621356","timestamp":"2026-07-15T08:25:34.848Z","type":"success"}
{"email":"anojtest1@gmail.com","level":"info","message":"Order created","orderId":"6a574456ca251a6be43b264d","productId":"gid://shopify/Product/8660710621356","timestamp":"2026-07-15T08:27:04.197Z","type":"success"}
{"email":"testnasla7@gmail.com","level":"info","message":"Order created","orderId":"6a57449fca251a6be43b267a","productId":"gid://shopify/Product/8660710621356","timestamp":"2026-07-15T08:28:16.439Z","type":"success"}
{"email":"testnasla7@gmail.com","level":"info","message":"Order created","orderId":"6a5744deca251a6be43b26a7","productId":"gid://shopify/Product/8660710621356","timestamp":"2026-07-15T08:29:20.491Z","type":"success"}
{"email":"bishowtsest@gmail.com","level":"info","message":"Order created","orderId":"6a57476fca251a6be43b2869","productId":"gid://shopify/Product/8660710621356","timestamp":"2026-07-15T08:40:16.674Z","type":"success"}
{"email":"rohit123@gmail.com","level":"info","message":"Order created","orderId":"6a5747dbca251a6be43b28c2","productId":"gid://shopify/Product/8660710621356","timestamp":"2026-07-15T08:42:04.184Z","type":"success"}
{"email":"rohan@gmail.com","level":"info","message":"Order created","orderId":"6a57482aca251a6be43b28ef","productId":"gid://shopify/Product/8660710621356","timestamp":"2026-07-15T08:43:23.746Z","type":"success"}
{"email":"testnasla7@gmail.com","level":"info","message":"Order created","orderId":"6a57485fca251a6be43b2921","productId":"gid://shopify/Product/8660710621356","timestamp":"2026-07-15T08:44:16.235Z","type":"success"}
{"email":"testnasla7@gmail.com","level":"info","message":"Order created","orderId":"6a57487eca251a6be43b293f","productId":"gid://shopify/Product/8660710621356","timestamp":"2026-07-15T08:44:47.135Z","type":"success"}
{"email":"bipul@gmail.com","level":"info","message":"Order created","orderId":"6a574895ca251a6be43b2958","productId":"gid://shopify/Product/8660710621356","timestamp":"2026-07-15T08:45:10.433Z","type":"success"}
{"email":"testnasla7@gmail.com","level":"info","message":"Order created","orderId":"6a5748d4ca251a6be43b298d","productId":"gid://shopify/Product/8660710621356","timestamp":"2026-07-15T08:46:13.428Z","type":"success"}
{"email":"kailash@gmail.com","level":"info","message":"Order created","orderId":"6a5748efca251a6be43b29a7","productId":"gid://shopify/Product/8660710621356","timestamp":"2026-07-15T08:46:40.583Z","type":"success"}
{"email":"testnasla7@gmail.com","level":"info","message":"Order created","orderId":"6a574919ca251a6be43b29c0","productId":"gid://shopify/Product/8660710621356","timestamp":"2026-07-15T08:47:22.269Z","type":"success"}
{"email":"kailash@gmail.com","level":"info","message":"Order created","orderId":"6a57492eca251a6be43b29da","productId":"gid://shopify/Product/8660710621356","timestamp":"2026-07-15T08:47:44.022Z","type":"success"}
{"email":"testnasla7@gmail.com","level":"info","message":"Order created","orderId":"6a574941ca251a6be43b29f4","productId":"gid://shopify/Product/8660710621356","timestamp":"2026-07-15T08:48:02.110Z","type":"success"}
{"email":"testnasla7@gmail.com","level":"info","message":"Order created","orderId":"6a574990ca251a6be43b2a21","productId":"gid://shopify/Product/8660710621356","timestamp":"2026-07-15T08:49:21.322Z","type":"success"}
{"email":"kailash@gmail.com","level":"info","message":"Order created","orderId":"6a5749feca251a6be43b2a80","productId":"gid://shopify/Product/8660710621356","timestamp":"2026-07-15T08:51:12.054Z","type":"success"}
{"level":"info","message":"Renewal confirmed","orderId":"6a5749feca251a6be43b2a80","timestamp":"2026-07-15T08:59:03.342Z","type":"success"}
{"level":"info","message":"Renewal confirmed","orderId":"6a574990ca251a6be43b2a21","timestamp":"2026-07-15T08:59:18.319Z","type":"success"}
{"level":"info","message":"Renewal confirmed","orderId":"6a57492eca251a6be43b29da","timestamp":"2026-07-15T08:59:33.552Z","type":"success"}
{"level":"info","message":"Renewal confirmed","orderId":"6a574895ca251a6be43b2958","timestamp":"2026-07-15T08:59:48.506Z","type":"success"}
{"level":"info","message":"Renewal confirmed","orderId":"6a57482aca251a6be43b28ef","timestamp":"2026-07-15T09:00:02.268Z","type":"success"}
{"level":"info","message":"Renewal confirmed","orderId":"6a5747dbca251a6be43b28c2","timestamp":"2026-07-15T09:00:17.435Z","type":"success"}
{"level":"info","message":"Renewal confirmed","orderId":"6a57476fca251a6be43b2869","timestamp":"2026-07-15T09:00:32.385Z","type":"success"}
{"level":"info","message":"Renewal confirmed","orderId":"6a574456ca251a6be43b264d","timestamp":"2026-07-15T09:00:47.380Z","type":"success"}
{"level":"info","message":"Renewal confirmed","orderId":"6a574941ca251a6be43b29f4","timestamp":"2026-07-15T09:13:02.961Z","type":"success"}
{"level":"info","message":"Renewal confirmed","orderId":"6a574919ca251a6be43b29c0","timestamp":"2026-07-15T09:13:17.961Z","type":"success"}
{"level":"info","message":"Renewal confirmed","orderId":"6a5748efca251a6be43b29a7","timestamp":"2026-07-15T09:13:32.763Z","type":"success"}
{"level":"info","message":"Renewal confirmed","orderId":"6a5748d4ca251a6be43b298d","timestamp":"2026-07-15T09:13:47.974Z","type":"success"}
{"level":"info","message":"Renewal confirmed","orderId":"6a57487eca251a6be43b293f","timestamp":"2026-07-15T09:14:02.995Z","type":"success"}
{"level":"info","message":"Renewal confirmed","orderId":"6a57485fca251a6be43b2921","timestamp":"2026-07-15T09:14:17.951Z","type":"success"}
{"level":"info","message":"Renewal confirmed","orderId":"6a5744deca251a6be43b26a7","timestamp":"2026-07-15T09:14:33.481Z","type":"success"}
{"level":"info","message":"Renewal confirmed","orderId":"6a57449fca251a6be43b267a","timestamp":"2026-07-15T09:14:48.440Z","type":"success"}
{"email":"kaixzcdsalash@gmail.com","level":"info","message":"Order created","orderId":"6a57517b57b460cd7cb31d7f","productId":"gid://shopify/Product/8660710621356","timestamp":"2026-07-15T09:23:08.473Z","type":"success"}
{"email":"testnasla1@gmail.com","level":"info","message":"Order created","orderId":"6a57536257b460cd7cb31eca","productId":"gid://shopify/Product/8660710621356","timestamp":"2026-07-15T09:31:16.508Z","type":"success"}
{"email":"testnasla2@gmail.com","level":"info","message":"Order created","orderId":"6a5753a657b460cd7cb31ef7","productId":"gid://shopify/Product/8660710621356","timestamp":"2026-07-15T09:32:23.590Z","type":"success"}
{"email":"testnasla3@gmail.com","level":"info","message":"Order created","orderId":"6a5753d857b460cd7cb31f24","productId":"gid://shopify/Product/8660710621356","timestamp":"2026-07-15T09:33:13.671Z","type":"success"}
{"email":"testnasla4@gmail.com","level":"info","message":"Order created","orderId":"6a57543357b460cd7cb31f6a","productId":"gid://shopify/Product/8660710621356","timestamp":"2026-07-15T09:34:44.923Z","type":"success"}
{"email":"testnasla5@gmail.com","level":"info","message":"Order created","orderId":"6a57546757b460cd7cb31f97","productId":"gid://shopify/Product/8660710621356","timestamp":"2026-07-15T09:35:36.960Z","type":"success"}
{"email":"testnasla6@gmail.com","level":"info","message":"Order created","orderId":"6a57549e57b460cd7cb31fc2","productId":"gid://shopify/Product/8660710621356","timestamp":"2026-07-15T09:36:31.780Z","type":"success"}
{"email":"testnasla7@gmail.com","level":"info","message":"Order created","orderId":"6a5754cc57b460cd7cb31fdd","productId":"gid://shopify/Product/8660710621356","timestamp":"2026-07-15T09:37:17.504Z","type":"success"}
{"email":"testnasla8@gmail.com","level":"info","message":"Order created","orderId":"6a5754fc57b460cd7cb3200a","productId":"gid://shopify/Product/8660710621356","timestamp":"2026-07-15T09:38:05.511Z","type":"success"}
{"email":"testnasla9@gmail.com","level":"info","message":"Order created","orderId":"6a57552857b460cd7cb32023","productId":"gid://shopify/Product/8660710621356","timestamp":"2026-07-15T09:38:50.019Z","type":"success"}
{"email":"testnasla10@gmail.com","level":"info","message":"Order created","orderId":"6a57555d57b460cd7cb32050","productId":"gid://shopify/Product/8660710621356","timestamp":"2026-07-15T09:39:42.547Z","type":"success"}
{"level":"info","message":"Renewal confirmed","orderId":"6a57555d57b460cd7cb32050","timestamp":"2026-07-15T10:14:33.523Z","type":"success"}
{"level":"info","message":"Renewal confirmed","orderId":"6a57552857b460cd7cb32023","timestamp":"2026-07-15T10:14:48.032Z","type":"success"}
{"level":"info","message":"Renewal confirmed","orderId":"6a5754fc57b460cd7cb3200a","timestamp":"2026-07-15T10:15:02.751Z","type":"success"}
{"level":"info","message":"Renewal confirmed","orderId":"6a5754cc57b460cd7cb31fdd","timestamp":"2026-07-15T10:15:17.915Z","type":"success"}
{"level":"info","message":"Renewal confirmed","orderId":"6a57549e57b460cd7cb31fc2","timestamp":"2026-07-15T10:15:32.996Z","type":"success"}
{"level":"info","message":"Renewal confirmed","orderId":"6a57546757b460cd7cb31f97","timestamp":"2026-07-15T10:15:48.146Z","type":"success"}
{"level":"info","message":"Renewal confirmed","orderId":"6a57543357b460cd7cb31f6a","timestamp":"2026-07-15T10:16:03.004Z","type":"success"}
{"level":"info","message":"Renewal confirmed","orderId":"6a5753d857b460cd7cb31f24","timestamp":"2026-07-15T10:16:17.852Z","type":"success"}
{"level":"info","message":"Renewal confirmed","orderId":"6a5753a657b460cd7cb31ef7","timestamp":"2026-07-15T10:16:33.066Z","type":"success"}
{"level":"info","message":"Renewal confirmed","orderId":"6a57536257b460cd7cb31eca","timestamp":"2026-07-15T10:16:47.992Z","type":"success"}
{"email":"finaltest@gmail.com","level":"info","message":"Order created","orderId":"6a57696a0f747889f30e1f54","productId":"gid://shopify/Product/8442746437829","timestamp":"2026-07-15T11:05:15.990Z","type":"success"}
{"email":"testanoj123@gmail.com","level":"info","message":"Order created","orderId":"6a576b27479cff9ee7af990a","productId":"gid://shopify/Product/8660710621356","timestamp":"2026-07-15T11:12:41.957Z","type":"success"}
{"email":"finaltest@gmail.com","level":"info","message":"Order created","orderId":"6a576ceda98633309eeea940","productId":"gid://shopify/Product/8660710621356","timestamp":"2026-07-15T11:20:16.009Z","type":"success"}
{"email":"finaltest@gmail.com","level":"info","message":"Order created","orderId":"6a576f2dbf3f1b2b8a390c3b","productId":"gid://shopify/Product/8660710621356","timestamp":"2026-07-15T11:29:51.894Z","type":"success"}
